// Jest Snapshot v1, https://goo.gl/fbAQLP

exports[`<Progress /> renders correctly 1`] = `
<div
  className="MuiLinearProgress-root CustomProgress-root-1 CustomProgress-greyBackground-14 MuiLinearProgress-colorPrimary MuiLinearProgress-indeterminate"
  role="progressbar"
>
  <div
    className="MuiLinearProgress-bar CustomProgress-bar-2 CustomProgress-grey-8 MuiLinearProgress-barColorPrimary MuiLinearProgress-bar1Indeterminate"
    style={Object {}}
  />
  <div
    className="MuiLinearProgress-bar CustomProgress-bar-2 CustomProgress-grey-8 MuiLinearProgress-bar2Indeterminate MuiLinearProgress-barColorPrimary"
    style={Object {}}
  />
</div>
`;
